// Jest Snapshot v1, https://goo.gl/fbAQLP

exports[`<Footer /> component should load the initial state of Footer component 1`] = `"<div class=\\"css-i0nj2g efsnl070\\"><div class=\\"css-hzfs9b efsnl071\\"><div class=\\"css-4kqzh2 efsnl072\\">Made with<span class=\\"css-1so4oe0 efsnl077\\">â™¥</span>on<span class=\\"css-1ie354y efsnl074\\"><svg class=\\"efsnl075 css-10ih290 ej4jd2o0\\"><title>Earth</title><use xlink:href=\\"[object Object]#earth\\"></use></svg><span class=\\"css-e8kfuf efsnl076\\"><svg class=\\"efsnl078 css-f1ndto ej4jd2o0\\"><title>Spain</title><use xlink:href=\\"[object Object]#spain\\"></use></svg><svg class=\\"efsnl078 css-f1ndto ej4jd2o0\\"><title>Nicaragua</title><use xlink:href=\\"[object Object]#nicaragua\\"></use></svg><svg class=\\"efsnl078 css-f1ndto ej4jd2o0\\"><title>India</title><use xlink:href=\\"[object Object]#india\\"></use></svg><svg class=\\"efsnl078 css-f1ndto ej4jd2o0\\"><title>Brazil</title><use xlink:href=\\"[object Object]#brazil\\"></use></svg><svg class=\\"efsnl078 css-f1ndto ej4jd2o0\\"><title>Pakistan</title><use xlink:href=\\"[object Object]#pakistan\\"></use></svg><svg class=\\"efsnl078 css-f1ndto ej4jd2o0\\"><title>China</title><use xlink:href=\\"[object Object]#china\\"></use></svg><svg class=\\"efsnl078 css-f1ndto ej4jd2o0\\"><title>Austria</title><use xlink:href=\\"[object Object]#austria\\"></use></svg></span></span></div><div class=\\"css-zxlexh efsnl073\\">Powered by<span class=\\"efsnl079 css-i15wza ej4jd2o1\\" title=\\"Verdaccio\\"><img src=\\"[object Object]\\" alt=\\"Verdaccio\\" class=\\"css-1ncdhax ej4jd2o2\\"></span>/ 4.0.0-alpha.3</div></div></div>"`;
