// Jest Snapshot v1, https://goo.gl/fbAQLP

exports[`<PackageList /> component should load the component with packages 1`] = `"<div class=\\"package-list-items\\"><div class=\\"pkgContainer\\"><h1 class=\\"listTitle\\">Available Packages</h1><div class=\\"css-f5mdyc e11fsc2k0\\"><div class=\\"css-1li2ujm e11fsc2k1\\"><a class=\\"css-xn7ljl e11fsc2k3\\" href=\\"detail/undefined\\"><span class=\\"css-bxt2bt e11fsc2k2\\"></span><span class=\\"css-17xn9wj e11fsc2k6\\">1.0.0 version</span></a><span class=\\"css-x8xx5m e11fsc2k5\\"><span class=\\"css-n6zvvz e11fsc2k4\\"><svg class=\\"e11fsc2k7 css-nrrgew ej4jd2o0\\"><title>License</title><use xlink:href=\\"[object Object]#license\\"></use></svg>Unlicensed</span><span class=\\"css-n6zvvz e11fsc2k4\\"><svg class=\\"e11fsc2k7 css-1gpgl7f ej4jd2o0\\"><title>Time</title><use xlink:href=\\"[object Object]#time\\"></use></svg>Published on 30.11.2018 • less than a minute ago</span></span></div><div class=\\"css-tywa7u e11fsc2k9\\"><div class=\\"css-r6baau e11fsc2k8\\"><div class=\\"e11fsc2k10 css-1w35jfk e1pneb170\\">Author</div><div class=\\"css-15496ft e11fsc2k12\\"><div class=\\"MuiAvatar-root-116 MuiAvatar-colorDefault-117 css-1to0t9u e11fsc2k13\\">S</div><span class=\\"css-1xj37ub e11fsc2k11\\"><div class=\\"e11fsc2k10 css-1xe0n7g e1pneb170\\">Sam</div></span></div></div><div class=\\"css-r6baau e11fsc2k8\\"><div class=\\"e11fsc2k10 css-1w35jfk e1pneb170\\">Description</div><span>Private NPM repository</span></div></div></div><div class=\\"css-f5mdyc e11fsc2k0\\"><div class=\\"css-1li2ujm e11fsc2k1\\"><a class=\\"css-xn7ljl e11fsc2k3\\" href=\\"detail/undefined\\"><span class=\\"css-bxt2bt e11fsc2k2\\"></span><span class=\\"css-17xn9wj e11fsc2k6\\">1.0.1 version</span></a><span class=\\"css-x8xx5m e11fsc2k5\\"><span class=\\"css-n6zvvz e11fsc2k4\\"><svg class=\\"e11fsc2k7 css-nrrgew ej4jd2o0\\"><title>License</title><use xlink:href=\\"[object Object]#license\\"></use></svg>Unlicensed</span><span class=\\"css-n6zvvz e11fsc2k4\\"><svg class=\\"e11fsc2k7 css-1gpgl7f ej4jd2o0\\"><title>Time</title><use xlink:href=\\"[object Object]#time\\"></use></svg>Published on 30.11.2018 • less than a minute ago</span></span></div><div class=\\"css-tywa7u e11fsc2k9\\"><div class=\\"css-r6baau e11fsc2k8\\"><div class=\\"e11fsc2k10 css-1w35jfk e1pneb170\\">Author</div><div class=\\"css-15496ft e11fsc2k12\\"><div class=\\"MuiAvatar-root-116 MuiAvatar-colorDefault-117 css-1to0t9u e11fsc2k13\\">R</div><span class=\\"css-1xj37ub e11fsc2k11\\"><div class=\\"e11fsc2k10 css-1xe0n7g e1pneb170\\">Rose</div></span></div></div><div class=\\"css-r6baau e11fsc2k8\\"><div class=\\"e11fsc2k10 css-1w35jfk e1pneb170\\">Description</div><span>abc description</span></div></div></div><div class=\\"css-f5mdyc e11fsc2k0\\"><div class=\\"css-1li2ujm e11fsc2k1\\"><a class=\\"css-xn7ljl e11fsc2k3\\" href=\\"detail/undefined\\"><span class=\\"css-bxt2bt e11fsc2k2\\"></span><span class=\\"css-17xn9wj e11fsc2k6\\">1.1.0 version</span></a><span class=\\"css-x8xx5m e11fsc2k5\\"><span class=\\"css-n6zvvz e11fsc2k4\\"><svg class=\\"e11fsc2k7 css-nrrgew ej4jd2o0\\"><title>License</title><use xlink:href=\\"[object Object]#license\\"></use></svg>Unlicensed</span><span class=\\"css-n6zvvz e11fsc2k4\\"><svg class=\\"e11fsc2k7 css-1gpgl7f ej4jd2o0\\"><title>Time</title><use xlink:href=\\"[object Object]#time\\"></use></svg>Published on Invalid Date • almost NaN years ago</span></span></div><div class=\\"css-tywa7u e11fsc2k9\\"><div class=\\"css-r6baau e11fsc2k8\\"><div class=\\"e11fsc2k10 css-1w35jfk e1pneb170\\">Author</div><div class=\\"css-15496ft e11fsc2k12\\"><div class=\\"MuiAvatar-root-116 MuiAvatar-colorDefault-117 css-1to0t9u e11fsc2k13\\">M</div><span class=\\"css-1xj37ub e11fsc2k11\\"><div class=\\"e11fsc2k10 css-1xe0n7g e1pneb170\\">Martin</div></span></div></div><div class=\\"css-r6baau e11fsc2k8\\"><div class=\\"e11fsc2k10 css-1w35jfk e1pneb170\\">Description</div><span>xyz description</span></div></div></div></div></div>"`;
