// Jest Snapshot v1, https://goo.gl/fbAQLP

exports[`<Package /> component should load the component without author 1`] = `"<div class=\\"css-f5mdyc e11fsc2k0\\"><div class=\\"css-1li2ujm e11fsc2k1\\"><a class=\\"css-xn7ljl e11fsc2k3\\" href=\\"detail/verdaccio\\"><span class=\\"css-bxt2bt e11fsc2k2\\">verdaccio</span><span class=\\"css-17xn9wj e11fsc2k6\\">1.0.0 version</span></a><span class=\\"css-x8xx5m e11fsc2k5\\"><span class=\\"css-n6zvvz e11fsc2k4\\"><svg class=\\"e11fsc2k7 css-nrrgew ej4jd2o0\\"><title>License</title><use xlink:href=\\"[object Object]#license\\"></use></svg>MIT</span><span class=\\"css-n6zvvz e11fsc2k4\\"><svg class=\\"e11fsc2k7 css-1gpgl7f ej4jd2o0\\"><title>Time</title><use xlink:href=\\"[object Object]#time\\"></use></svg>Published on 01.11.2018 â€¢ about 1 month ago</span></span></div><div class=\\"css-tywa7u e11fsc2k9\\"><div class=\\"css-r6baau e11fsc2k8\\"><div class=\\"e11fsc2k10 css-1w35jfk e1pneb170\\">Author</div><div class=\\"css-15496ft e11fsc2k12\\"><div class=\\"MuiAvatar-root-1 MuiAvatar-colorDefault-2 css-1to0t9u e11fsc2k13\\">A</div><span class=\\"css-1xj37ub e11fsc2k11\\"><div class=\\"e11fsc2k10 css-1xe0n7g e1pneb170\\">Anonymous</div></span></div></div><div class=\\"css-r6baau e11fsc2k8\\"><div class=\\"e11fsc2k10 css-1w35jfk e1pneb170\\">Description</div><span>Private NPM repository</span></div></div></div>"`;
